// Jest Snapshot v1, https://goo.gl/fbAQLP

exports[`<Header /> component renders with 3 navbar item 1`] = `
<DocumentFragment>
  <nav
    class="navbar navbar-light"
  >
    <div
      class="container"
    >
      <a
        class="navbar-brand"
        href="/"
      >
        conduit
      </a>
      <ul
        class="nav navbar-nav pull-xs-right"
      >
        <li
          class="nav-item"
        >
          <a
            class="nav-link active"
            href="/"
            style="text-transform: capitalize;"
          >
            Home
          </a>
        </li>
        <li
          class="nav-item"
        >
          <a
            class="nav-link "
            href="/login"
            style="text-transform: capitalize;"
          >
            Login
          </a>
        </li>
        <li
          class="nav-item"
        >
          <a
            class="nav-link "
            href="/sign-up"
            style="text-transform: capitalize;"
          >
            Sign Up
          </a>
        </li>
      </ul>
    </div>
  </nav>
</DocumentFragment>
`;
